../Core/Src/main.c:103:5:main	16	static
../Core/Src/main.c:158:6:SystemClock_Config	88	static
../Core/Src/main.c:193:13:MX_TIM3_Init	64	static
../Core/Src/main.c:255:13:MX_TIM14_Init	40	static
../Core/Src/main.c:300:13:MX_USART2_UART_Init	8	static
../Core/Src/main.c:335:13:MX_GPIO_Init	48	static
../Core/Src/main.c:377:6:Interrupt_reader	16	static
../Core/Src/main.c:465:6:HAL_TIM_PeriodElapsedCallback	16	static
../Core/Src/main.c:471:6:HAL_GPIO_EXTI_Callback	16	static
../Core/Src/main.c:475:6:set_base_sec_timer	16	static
../Core/Src/main.c:479:6:reset_input_counter	8	static
../Core/Src/main.c:488:6:Error_Handler	8	static,ignoring_inline_asm
