../Core/Src/main.c:103:5:main	16	static
../Core/Src/main.c:160:6:SystemClock_Config	88	static
../Core/Src/main.c:195:13:MX_TIM3_Init	64	static
../Core/Src/main.c:257:13:MX_TIM14_Init	40	static
../Core/Src/main.c:302:13:MX_USART2_UART_Init	8	static
../Core/Src/main.c:337:13:MX_GPIO_Init	48	static
../Core/Src/main.c:379:6:Interrupt_reader	16	static
../Core/Src/main.c:443:6:HAL_TIM_OC_DelayElapsedCallback	16	static
../Core/Src/main.c:449:6:HAL_TIM_PeriodElapsedCallback	16	static
../Core/Src/main.c:455:6:HAL_GPIO_EXTI_Callback	16	static
../Core/Src/main.c:459:6:set_base_sec_timer	16	static
../Core/Src/main.c:463:6:reset_input_counter	8	static
../Core/Src/main.c:472:6:Error_Handler	8	static,ignoring_inline_asm
